[www.suzannecollinsbooks.com/index.html]
[www.suzannecollinsbooks.com/when_charlie_mcbutton_lost_power_48391.html]
[backblue.gif]
[fade.gif]
[index.html]
[www.suzannecollinsbooks.com/index.html]
[www.suzannecollinsbooks.com/year_of_the_jungle_119468.html]
[www.suzannecollinsbooks.com/catching_fire_88086.html]
[www.suzannecollinsbooks.com/mockingjay_102797.html]
[www.suzannecollinsbooks.com/year_of_the_jungle_119468.html]
[www.suzannecollinsbooks.com/gregor_the_overlander_48384.html]
[www.suzannecollinsbooks.com/the_hunger_games_69765.html]
[www.suzannecollinsbooks.com/gregor_and_the_prophecy_of_bane_48385.html]
[www.suzannecollinsbooks.com/when_charlie_mcbutton_lost_power_48391.html]
[www.suzannecollinsbooks.com/gregor_and_the_curse_of_the_warmbloods_48386.html]
[www.suzannecollinsbooks.com/mockingjay_102797.html]
[www.suzannecollinsbooks.com/catching_fire_88086.html]
[www.suzannecollinsbooks.com/the_hunger_games_69765.html]
[www.suzannecollinsbooks.com/gregor_the_overlander_48384.html]
[www.suzannecollinsbooks.com/gregor_and_the_prophecy_of_bane_48385.html]
[www.suzannecollinsbooks.com/gregor_and_the_curse_of_the_warmbloods_48386.html]
[www.suzannecollinsbooks.com/gregor_and_the_marks_of_secret_48393.html]
[www.suzannecollinsbooks.com/gregor_and_the_marks_of_secret_48393.html]
[www.suzannecollinsbooks.com/gregor_and_the_code_of_claw_48394.html]
[www.suzannecollinsbooks.com/works.html]
[www.suzannecollinsbooks.com/bio.html]
[www.suzannecollinsbooks.com/events.html]
[www.suzannecollinsbooks.com/theme/sitebuilder.css]
[www.suzannecollinsbooks.com/theme/theme.css]
[www.suzannecollinsbooks.com/gregor_and_the_code_of_claw_48394.html]
[www.suzannecollinsbooks.com/images/ballad_of_songbirds_and_snakes_cover_3d-x_small.jpg]
[www.suzannecollinsbooks.com/images/Central_park_ii-x_small.jpg]
[www.suzannecollinsbooks.com/images/Mockingjay-Movie-Tie-In-x_small.jpg]
[www.suzannecollinsbooks.com/works.html]
[www.suzannecollinsbooks.com/bio.html]
[www.suzannecollinsbooks.com/images/YOTJ_Cover-x_small.jpg]
[www.suzannecollinsbooks.com/images/YOTJ-x_small.jpg]
[www.suzannecollinsbooks.com/events.html]
[www.suzannecollinsbooks.com/images/Mockingjaycover-x_small.jpg]
[www.suzannecollinsbooks.com/theme/sitebuilder.css]
[www.suzannecollinsbooks.com/images/Catching_fire_c-x_small.jpg]
[www.suzannecollinsbooks.com/images/Hg--jacket-x_small.jpg]
[www.suzannecollinsbooks.com/theme/sitebuilder.js]
[www.suzannecollinsbooks.com/images/christopherAward-x_small.gif]
[www.suzannecollinsbooks.com/images/Zolotow-x_small.png]
[www.google.com/recaptcha/apid4d3.js]
[www.suzannecollinsbooks.com/images/ccbgryphon-x_small.gif]
[www.suzannecollinsbooks.com/theme/theme.css]
[www.suzannecollinsbooks.com/services/tinymce/js/tinymce/tinymce.min.html]
[www.suzannecollinsbooks.com/images/Book_cover--cmc-x_small.jpg]
[www.suzannecollinsbooks.com/images/Oppenheimer_Platinum-x_small.jpg]
[www.suzannecollinsbooks.com/images/award_silver-x_small.jpg]
[www.suzannecollinsbooks.com/images/CatchingFireMovieTieInCover-197x300-x_small.jpg]
[www.suzannecollinsbooks.com/images/The-Hunger-Games-Movie-Tie-In-Edition-x_small.jpg]
[www.suzannecollinsbooks.com/images/notable-x_small.jpg]
[www.suzannecollinsbooks.com/images/Gregor_1_Cover-x_small.jpg]
[www.suzannecollinsbooks.com/images/The_Underland_Chronicles_-_Gregor_the_Overlander--HB-x_small.jpg]
[www.suzannecollinsbooks.com/attachments/Award_nominatio.doc]
[www.suzannecollinsbooks.com/images/Gregor_2_Cover-x_small.jpg]
[www.suzannecollinsbooks.com/images/The_Underland_Chronciles-Gregor_and_the_Prophecy_of_Bane-_HB-x_small.jpg]
[www.suzannecollinsbooks.com/images/The_Underland_Chronicles-Gregor_and_the_Curse_of_the_Warmbloods-HB-x_small.jpg]
[www.suzannecollinsbooks.com/images/Gregor3_Cover-x_small.jpg]
[www.suzannecollinsbooks.com/images/Giv_cover--fron-x_small.jpg]
[www.suzannecollinsbooks.com/images/Oppenheim_Gold-x_small.jpg]
[www.suzannecollinsbooks.com/images/Gregorfivecover-x_small.jpg]
[www.suzannecollinsbooks.com/images/Gregor_4_Cover-x_small.jpg]
[www.suzannecollinsbooks.com/images/Gregor_5_Cover-x_small.jpg]
[www.suzannecollinsbooks.com/images/SuzanneCollinsAug09byCapPryor_color-x_small.jpg]
[www.suzannecollinsbooks.com/images/Rat_and_me-x_small.jpg]
[www.suzannecollinsbooks.com/fonts/fontawesome-webfont5b62.html]
[www.suzannecollinsbooks.com/fonts/fontawesome-webfontd41d.html]
[www.suzannecollinsbooks.com/fonts/fontawesome-webfont5b62-2.html]
[www.suzannecollinsbooks.com/fonts/fontawesome-webfont5b62-3.html]
[www.suzannecollinsbooks.com/fonts/fontawesome-webfont5b62-4.html]
[www.suzannecollinsbooks.com/fonts/fontawesome-webfont5b62-5.html]
[www.suzannecollinsbooks.com/theme/menu-bars-white.png]
